── Attaching core tidyverse packages ──────────────────────── tidyverse 2.0.0 ──
✔ dplyr     1.1.4     ✔ readr     2.1.5
✔ forcats   1.0.0     ✔ stringr   1.5.1
✔ ggplot2   3.5.2     ✔ tibble    3.2.1
✔ lubridate 1.9.4     ✔ tidyr     1.3.1
✔ purrr     1.0.4     
── Conflicts ────────────────────────────────────────── tidyverse_conflicts() ──
✖ dplyr::filter() masks stats::filter()
✖ dplyr::lag()    masks stats::lag()
ℹ Use the conflicted package (<http://conflicted.r-lib.org/>) to force all conflicts to become errors
Loading required package: Matrix

Attaching package: ‘Matrix’

The following objects are masked from ‘package:tidyr’:

    expand, pack, unpack

Welcome to emmeans.
Caution: You lose important information if you filter this package's results.
See '? untidy'
Rows: 258032 Columns: 33
── Column specification ────────────────────────────────────────────────────────
Delimiter: ","
chr (13): condition, ip, PROLIFIC_PID, response, task, stimulus_id, correct_...
dbl (16): time_elapsed, is_finished, codeversion, timepassed_mins, all_accum...
lgl  (4): id, success, timeout, isold

ℹ Use `spec()` to retrieve the full column specification for this data.
ℹ Specify the column types or set `show_col_types = FALSE` to quiet this message.
Warning message:
One or more parsing issues, call `problems()` on your data frame for details,
e.g.:
  dat <- vroom(...)
  problems(dat) 
Loaded dfchanged data with 258032 rows
Initial test data prepared: 36436 trials
Unique values in study_position : 21 
Unique values in test_position : 20 
Unique values in study_position : 20 
Unique values in test_position : 20 
Unique values in final_order : 10 
Unique values in initial_order : 10 
fixed-effect model matrix is rank deficient so dropping 2 columns / coefficients

=== Initial Study Position Model ===
Optimization warnings:
 
Relative gradient: 0.0003912884 

=== Initial Test Position Model ===
Optimization warnings:
 
Relative gradient: 0.0009840087 

=== Initial Between-List Model ===
Optimization warnings:
 
Relative gradient: 0.0003353763 

=== CREATING FINAL TEST MODELS ===
✓ Created within-study model (linear only)
Optimization warnings:
 
Relative gradient: 0.0006917681 
✓ Created within-test model (linear only)
Optimization warnings:
 
Relative gradient: 0.001867916 
WARNING: Large relative gradient - model may not have converged
Warning messages:
1: In checkConv(attr(opt, "derivs"), opt$par, ctrl = control$checkConv,  :
  unable to evaluate scaled gradient
2: In checkConv(attr(opt, "derivs"), opt$par, ctrl = control$checkConv,  :
  Model failed to converge: degenerate  Hessian with 1 negative eigenvalues
✓ Created between-final model (2-way interactions)
Convergence warnings:
unable to evaluate scaled gradient
Model failed to converge: degenerate  Hessian with 1 negative eigenvalues 
Optimization warnings:
 
Relative gradient: 0.1268436 
WARNING: Large relative gradient - model may not have converged
WARNING: Hessian matrix is not positive definite
Warning message:
In checkConv(attr(opt, "derivs"), opt$par, ctrl = control$checkConv,  :
  Model failed to converge with max|grad| = 0.00289569 (tol = 0.002, component 1)
✓ Created between-initial model (2-way interactions)
Convergence warnings:
Model failed to converge with max|grad| = 0.00289569 (tol = 0.002, component 1) 
Optimization warnings:
 
Relative gradient: 0.003067578 
WARNING: Large relative gradient - model may not have converged
Warning messages:
1: In vcov.merMod(object, use.hessian = use.hessian) :
  variance-covariance matrix computed from finite-difference Hessian is
not positive definite or contains NA values: falling back to var-cov estimated from RX
2: In vcov.merMod(object, correlation = correlation, sigm = sig) :
  variance-covariance matrix computed from finite-difference Hessian is
not positive definite or contains NA values: falling back to var-cov estimated from RX
3: In vcov.merMod(object) :
  variance-covariance matrix computed from finite-difference Hessian is
not positive definite or contains NA values: falling back to var-cov estimated from RX
Warning messages:
1: In vcov.merMod(object, complete = FALSE, ...) :
  variance-covariance matrix computed from finite-difference Hessian is
not positive definite or contains NA values: falling back to var-cov estimated from RX
2: In vcov.merMod(object, complete = FALSE, ...) :
  variance-covariance matrix computed from finite-difference Hessian is
not positive definite or contains NA values: falling back to var-cov estimated from RX

=== COMPREHENSIVE POST-HOC ITEM TYPE COMPARISONS ===

--- Initial Test Study Position Item Type Comparisons ---
NOTE: Results may be misleading due to involvement in interactions
 contrast      estimate SE df z.ratio p.value
 foil - target   nonEst NA NA      NA      NA

Results are given on the log odds ratio (not the response) scale. 
[1] "Initial Study Position - Estimated Marginal Means:"
 item_type  emmean         SE  df asymp.LCL asymp.UCL
 foil       nonEst         NA  NA        NA        NA
 target    2.56152 0.07840889 Inf  2.407841  2.715198

Results are given on the logit (not the response) scale. 
Confidence level used: 0.95 

--- Initial Test Position Item Type Comparisons ---
NOTE: Results may be misleading due to involvement in interactions
 contrast      estimate    SE  df z.ratio p.value
 foil - target    0.829 0.039 Inf  21.246  <.0001

Results are given on the log odds ratio (not the response) scale. 
[1] "Initial Test Position - Estimated Marginal Means:"
 item_type   emmean         SE  df asymp.LCL asymp.UCL
 foil      3.069921 0.07867178 Inf  2.915727  3.224114
 target    2.240939 0.07549236 Inf  2.092977  2.388901

Results are given on the logit (not the response) scale. 
Confidence level used: 0.95 

--- Initial Test Between-List Item Type Comparisons ---
NOTE: Results may be misleading due to involvement in interactions
 contrast      estimate    SE  df z.ratio p.value
 foil - target    0.793 0.039 Inf  20.365  <.0001

Results are given on the log odds ratio (not the response) scale. 
[1] "Initial Between-List - Estimated Marginal Means:"
 item_type   emmean         SE  df asymp.LCL asymp.UCL
 foil      3.081316 0.07890926 Inf  2.926656  3.235975
 target    2.287912 0.07585105 Inf  2.139247  2.436578

Results are given on the logit (not the response) scale. 
Confidence level used: 0.95 

--- Item Types in Each Analysis ---
Final Order Analysis - Item types:
[1] "foil" "ST"   "SO"   "TO"  

Initial Order Analysis - Item types:
[1] "foil" "ST"   "SO"   "TO"  

Within-Study Analysis - Item types:
[1] "ST" "SO"

Within-Test Analysis - Item types:
[1] "ST" "TO"

--- Final Test Between-List (Final Order) Item Type Comparisons ---
NOTE: Results may be misleading due to involvement in interactions
Warning message:
In vcov.merMod(object, complete = FALSE, ...) :
  variance-covariance matrix computed from finite-difference Hessian is
not positive definite or contains NA values: falling back to var-cov estimated from RX
 contrast  estimate     SE  df z.ratio p.value
 foil - SO    0.978 0.0239 Inf  40.946  <.0001
 foil - ST   -0.486 0.0330 Inf -14.711  <.0001
 foil - TO    1.102 0.0237 Inf  46.481  <.0001
 SO - ST     -1.464 0.0355 Inf -41.218  <.0001
 SO - TO      0.123 0.0270 Inf   4.562  <.0001
 ST - TO      1.587 0.0354 Inf  44.850  <.0001

Results are averaged over the levels of: condition 
Results are given on the log odds ratio (not the response) scale. 
P value adjustment: tukey method for comparing a family of 4 estimates 
[1] "Final Order - Estimated Marginal Means:"
 item_type    emmean         SE  df asymp.LCL asymp.UCL
 foil      1.7307766 0.03690150 Inf 1.6584510 1.8031022
 SO        0.7524146 0.03906951 Inf 0.6758398 0.8289895
 ST        2.2163523 0.04531162 Inf 2.1275431 2.3051614
 TO        0.6292292 0.03893742 Inf 0.5529132 0.7055451

Results are averaged over the levels of: condition 
Results are given on the logit (not the response) scale. 
Confidence level used: 0.95 

--- Final Test Between-List (Initial Order) Item Type Comparisons ---
NOTE: Results may be misleading due to involvement in interactions
 contrast  estimate     SE  df z.ratio p.value
 foil - SO    0.974 0.0238 Inf  40.902  <.0001
 foil - ST   -0.463 0.0319 Inf -14.540  <.0001
 foil - TO    1.100 0.0236 Inf  46.627  <.0001
 SO - ST     -1.438 0.0345 Inf -41.717  <.0001
 SO - TO      0.126 0.0269 Inf   4.667  <.0001
 ST - TO      1.563 0.0343 Inf  45.568  <.0001

Results are averaged over the levels of: condition 
Results are given on the log odds ratio (not the response) scale. 
P value adjustment: tukey method for comparing a family of 4 estimates 
[1] "Initial Order - Estimated Marginal Means:"
 item_type    emmean         SE  df asymp.LCL asymp.UCL
 foil      1.7250026 0.03673623 Inf 1.6530009 1.7970043
 SO        0.7506324 0.03891368 Inf 0.6743630 0.8269018
 ST        2.1881412 0.04439769 Inf 2.1011233 2.2751590
 TO        0.6250375 0.03875616 Inf 0.5490769 0.7009982

Results are averaged over the levels of: condition 
Results are given on the logit (not the response) scale. 
Confidence level used: 0.95 

--- Final Test Within-Study Item Type Comparisons ---
NOTE: Results may be misleading due to involvement in interactions
 contrast estimate     SE  df z.ratio p.value
 SO - ST     -1.48 0.0353 Inf -42.061  <.0001

Results are given on the log odds ratio (not the response) scale. 
[1] "Within-Study - Estimated Marginal Means:"
 item_type    emmean         SE  df asymp.LCL asymp.UCL
 SO        0.7954696 0.05670586 Inf 0.6843281  0.906611
 ST        2.2784418 0.06099018 Inf 2.1589032  2.397980

Results are given on the logit (not the response) scale. 
Confidence level used: 0.95 

--- Final Test Within-Test Item Type Comparisons ---
NOTE: Results may be misleading due to involvement in interactions
 contrast estimate     SE  df z.ratio p.value
 ST - TO       1.6 0.0351 Inf  45.619  <.0001

Results are given on the log odds ratio (not the response) scale. 
[1] "Within-Test - Estimated Marginal Means:"
 item_type    emmean         SE  df asymp.LCL asymp.UCL
 ST        2.2370312 0.05357739 Inf 2.1320214 2.3420409
 TO        0.6376169 0.04855768 Inf 0.5424456 0.7327882

Results are given on the logit (not the response) scale. 
Confidence level used: 0.95 

=== LINEAR AND QUADRATIC TREND SIGNIFICANCE ===

--- Final Order Analysis - Position Trends ---
Warning message:
In vcov.merMod(object, complete = FALSE, ...) :
  variance-covariance matrix computed from finite-difference Hessian is
not positive definite or contains NA values: falling back to var-cov estimated from RX
Warning message:
In vcov.merMod(object, complete = FALSE, ...) :
  variance-covariance matrix computed from finite-difference Hessian is
not positive definite or contains NA values: falling back to var-cov estimated from RX
[1] "Linear Trends:"
 item_type final_order_lin.trend   SE  df asymp.LCL asymp.UCL
 foil                      -32.7 3.96 Inf     -40.5     -25.0
 SO                        -36.8 5.40 Inf     -47.4     -26.2
 ST                        -86.2 8.82 Inf    -103.5     -69.0
 TO                        -60.9 5.35 Inf     -71.4     -50.5

Results are averaged over the levels of: condition 
Confidence level used: 0.95 
[1] "Quadratic Trends:"
 item_type final_order_quad.trend   SE  df asymp.LCL asymp.UCL
 foil                        7.82 3.94 Inf     0.103      15.5
 SO                         28.64 5.36 Inf    18.132      39.1
 ST                         52.01 8.45 Inf    35.450      68.6
 TO                         31.29 5.33 Inf    20.842      41.7

Results are averaged over the levels of: condition 
Confidence level used: 0.95 

--- Initial Order Analysis - Position Trends ---
[1] "Linear Trends:"
 item_type initial_order_lin.trend   SE  df asymp.LCL asymp.UCL
 foil                      -0.0904 1.41 Inf     -2.85      2.67
 SO                        14.2228 1.88 Inf     10.54     17.91
 ST                        16.7553 1.87 Inf     13.09     20.42
 TO                        39.5047 1.81 Inf     35.96     43.05

Results are averaged over the levels of: condition 
Confidence level used: 0.95 
[1] "Quadratic Trends:"
 item_type initial_order_quad.trend   SE  df asymp.LCL asymp.UCL
 foil                          5.59 1.44 Inf      2.77      8.42
 SO                           26.07 1.87 Inf     22.40     29.73
 ST                           56.32 1.87 Inf     52.66     59.99
 TO                           32.75 2.05 Inf     28.72     36.77

Results are averaged over the levels of: condition 
Confidence level used: 0.95 

--- Within-Study Analysis - Linear Trends ---
[1] "Linear Trends:"
 item_type study_position_lin.trend   SE  df asymp.LCL asymp.UCL
 SO                           -5.12 2.82 Inf     -10.6     0.411
 ST                           -6.93 3.76 Inf     -14.3     0.434

Confidence level used: 0.95 

--- Within-Test Analysis - Linear Trends ---
[1] "Linear Trends:"
 item_type test_position_lin.trend   SE  df asymp.LCL asymp.UCL
 ST                           22.9 2.87 Inf      17.2      28.5
 TO                           27.7 2.68 Inf      22.4      33.0

Confidence level used: 0.95 

=== END TREND SIGNIFICANCE TESTS ===
Saved: experiment1_glmm_simplified.rds
Saved: all_model_summaries_simplified.csv
Saved: all_itemtype_trends.csv
